sgd        lr=0.03     seed=0 val=2.8181 train=2.7774 (8.96 s)
sgd        lr=0.03     seed=1 val=2.8320 train=2.7966 (7.4 s)
sgd        lr=0.1      seed=0 val=2.6038 train=2.5652 (7.21 s)
sgd        lr=0.1      seed=1 val=2.6046 train=2.5703 (6.25 s)
sgd        lr=0.3      seed=0 val=2.5129 train=2.4732 (7.68 s)
sgd        lr=0.3      seed=1 val=2.5149 train=2.4785 (6.7 s)
sgd        lr=1        seed=0 val=2.9031 train=2.8715 (7.74 s)
sgd        lr=1        seed=1 val=2.5251 train=2.5009 (8.95 s)
sgd        lr=3        seed=0 val=3.0846 train=3.0329 (7.26 s)
sgd        lr=3        seed=1 val=3.1852 train=3.1233 (6.55 s)
adamw      lr=0.001    seed=0 val=2.4977 train=2.4632 (6.52 s)
adamw      lr=0.001    seed=1 val=2.5019 train=2.4698 (9.19 s)
adamw      lr=0.003    seed=0 val=2.4011 train=2.3616 (6.88 s)
adamw      lr=0.003    seed=1 val=2.4281 train=2.3928 (6.67 s)
adamw      lr=0.01     seed=0 val=2.3223 train=2.2766 (6.77 s)
adamw      lr=0.01     seed=1 val=2.4582 train=2.4234 (7.52 s)
adamw      lr=0.03     seed=0 val=2.6561 train=2.6541 (7.54 s)
adamw      lr=0.03     seed=1 val=2.6485 train=2.6252 (8.31 s)
adamw      lr=0.1      seed=0 val=3.1114 train=3.0732 (7.44 s)
adamw      lr=0.1      seed=1 val=2.9721 train=2.9490 (8.51 s)
lion       lr=0.0001   seed=0 val=3.1925 train=3.1778 (6.72 s)
lion       lr=0.0001   seed=1 val=3.2347 train=3.2140 (8.76 s)
lion       lr=0.0003   seed=0 val=2.6946 train=2.6665 (6.71 s)
lion       lr=0.0003   seed=1 val=2.7121 train=2.6899 (7.5 s)
lion       lr=0.001    seed=0 val=2.4513 train=2.4108 (8.19 s)
lion       lr=0.001    seed=1 val=2.4650 train=2.4298 (7.27 s)
lion       lr=0.003    seed=0 val=2.5802 train=2.5480 (6.91 s)
lion       lr=0.003    seed=1 val=2.5097 train=2.4847 (8.2 s)
lion       lr=0.01     seed=0 val=3.0800 train=3.0266 (8.11 s)
lion       lr=0.01     seed=1 val=2.9018 train=2.8650 (7.62 s)
adam_mini  lr=0.001    seed=0 val=2.5021 train=2.4685 (7.6 s)
adam_mini  lr=0.001    seed=1 val=2.5067 train=2.4740 (8.12 s)
adam_mini  lr=0.003    seed=0 val=2.4520 train=2.4091 (7.21 s)
adam_mini  lr=0.003    seed=1 val=2.4245 train=2.3922 (9.06 s)
adam_mini  lr=0.01     seed=0 val=2.3585 train=2.3229 (8.78 s)
adam_mini  lr=0.01     seed=1 val=2.4427 train=2.4035 (9.2 s)
adam_mini  lr=0.03     seed=0 val=2.8314 train=2.8297 (8.48 s)
adam_mini  lr=0.03     seed=1 val=2.9183 train=2.8827 (8.57 s)
adam_mini  lr=0.1      seed=0 val=3.1521 train=3.1187 (8.56 s)
adam_mini  lr=0.1      seed=1 val=3.1046 train=3.0822 (8.37 s)
signum     lr=0.001    seed=0 val=2.7718 train=2.7472 (7.28 s)
signum     lr=0.001    seed=1 val=2.7913 train=2.7727 (6.49 s)
signum     lr=0.003    seed=0 val=2.4098 train=2.3780 (7.27 s)
signum     lr=0.003    seed=1 val=2.4156 train=2.3879 (7.5 s)
signum     lr=0.01     seed=0 val=2.5863 train=2.5710 (7.17 s)
signum     lr=0.01     seed=1 val=2.7273 train=2.7366 (7.32 s)
signum     lr=0.03     seed=0 val=2.7611 train=2.7272 (7.71 s)
signum     lr=0.03     seed=1 val=2.6914 train=2.6564 (8.58 s)
signum     lr=0.1      seed=0 val=3.0933 train=3.0779 (7.21 s)
signum     lr=0.1      seed=1 val=3.0795 train=3.0454 (7.34 s)
normsgd    lr=0.001    seed=0 val=2.6603 train=2.6300 (7.26 s)
normsgd    lr=0.001    seed=1 val=2.6744 train=2.6442 (7.57 s)
normsgd    lr=0.003    seed=0 val=2.4793 train=2.4526 (7.49 s)
normsgd    lr=0.003    seed=1 val=2.5521 train=2.5250 (7.21 s)
normsgd    lr=0.01     seed=0 val=2.6372 train=2.6176 (7.93 s)
normsgd    lr=0.01     seed=1 val=2.7014 train=2.6853 (7.93 s)
normsgd    lr=0.03     seed=0 val=2.9041 train=2.8743 (8.08 s)
normsgd    lr=0.03     seed=1 val=2.8776 train=2.8272 (9.24 s)
normsgd    lr=0.1      seed=0 val=3.2167 train=3.1744 (7.46 s)
normsgd    lr=0.1      seed=1 val=3.2137 train=3.1676 (7.97 s)
rownorm    lr=0.001    seed=0 val=2.6956 train=2.6741 (7.22 s)
rownorm    lr=0.001    seed=1 val=2.7101 train=2.6929 (6.64 s)
rownorm    lr=0.003    seed=0 val=2.3769 train=2.3370 (7.44 s)
rownorm    lr=0.003    seed=1 val=2.3645 train=2.3286 (7.4 s)
rownorm    lr=0.01     seed=0 val=2.3621 train=2.3219 (6.85 s)
rownorm    lr=0.01     seed=1 val=2.5686 train=2.5449 (7.1 s)
rownorm    lr=0.03     seed=0 val=2.9155 train=2.8914 (8.32 s)
rownorm    lr=0.03     seed=1 val=2.9415 train=2.8953 (9.59 s)
rownorm    lr=0.1      seed=0 val=3.1768 train=3.1580 (7.48 s)
rownorm    lr=0.1      seed=1 val=3.1159 train=3.0797 (7.65 s)
muon_all   lr=0.001    seed=0 val=2.9296 train=2.9130 (13.18 s)
muon_all   lr=0.001    seed=1 val=2.9591 train=2.9382 (12.43 s)
muon_all   lr=0.003    seed=0 val=2.4011 train=2.3654 (12.18 s)
muon_all   lr=0.003    seed=1 val=2.4052 train=2.3725 (12.72 s)
muon_all   lr=0.01     seed=0 val=2.1410 train=2.0572 (12.89 s)
muon_all   lr=0.01     seed=1 val=2.1470 train=2.0684 (12.42 s)
muon_all   lr=0.03     seed=0 val=2.1004 train=2.0009 (12.73 s)
muon_all   lr=0.03     seed=1 val=2.1106 train=2.0037 (12.35 s)
muon_all   lr=0.1      seed=0 val=2.4182 train=2.3777 (15.57 s)
muon_all   lr=0.1      seed=1 val=2.4175 train=2.3694 (13.96 s)
muon       lr=0.001    seed=0 val=2.5002 train=2.4622 (10.9 s)
muon       lr=0.001    seed=1 val=2.5015 train=2.4679 (11.49 s)
muon       lr=0.003    seed=0 val=2.3514 train=2.3185 (11.08 s)
muon       lr=0.003    seed=1 val=2.3562 train=2.3300 (11.24 s)
muon       lr=0.01     seed=0 val=2.1150 train=2.0311 (11.23 s)
muon       lr=0.01     seed=1 val=2.1365 train=2.0509 (10.83 s)
muon       lr=0.03     seed=0 val=2.0736 train=1.9581 (11.12 s)
muon       lr=0.03     seed=1 val=2.0922 train=1.9854 (11.49 s)
muon       lr=0.1      seed=0 val=2.4302 train=2.3883 (11.68 s)
muon       lr=0.1      seed=1 val=2.4331 train=2.3977 (11.64 s)
normuon    lr=0.001    seed=0 val=2.5009 train=2.4628 (10.69 s)
normuon    lr=0.001    seed=1 val=2.5021 train=2.4685 (10.24 s)
normuon    lr=0.003    seed=0 val=2.3520 train=2.3209 (10.36 s)
normuon    lr=0.003    seed=1 val=2.3590 train=2.3326 (10.72 s)
normuon    lr=0.01     seed=0 val=2.1185 train=2.0298 (11.25 s)
normuon    lr=0.01     seed=1 val=2.1206 train=2.0479 (10.78 s)
normuon    lr=0.03     seed=0 val=2.0774 train=1.9620 (10.64 s)
normuon    lr=0.03     seed=1 val=2.0865 train=1.9791 (10.72 s)
normuon    lr=0.1      seed=0 val=2.4163 train=2.3778 (12.01 s)
normuon    lr=0.1      seed=1 val=2.4183 train=2.3933 (11.7 s)
headmuon   lr=0.001    seed=0 val=2.4960 train=2.4587 (11.29 s)
headmuon   lr=0.001    seed=1 val=2.4982 train=2.4653 (11.41 s)
headmuon   lr=0.003    seed=0 val=2.3460 train=2.3120 (10.98 s)
headmuon   lr=0.003    seed=1 val=2.3517 train=2.3227 (11.08 s)
headmuon   lr=0.01     seed=0 val=2.1128 train=2.0395 (11.99 s)
headmuon   lr=0.01     seed=1 val=2.1358 train=2.0644 (11.88 s)
headmuon   lr=0.03     seed=0 val=2.0975 train=1.9979 (12.14 s)
headmuon   lr=0.03     seed=1 val=2.1208 train=2.0290 (11.51 s)
headmuon   lr=0.1      seed=0 val=2.4297 train=2.3897 (11.66 s)
headmuon   lr=0.1      seed=1 val=2.4266 train=2.3901 (12.25 s)
pw05       lr=0.001    seed=0 val=2.4826 train=2.4510 (11.56 s)
pw05       lr=0.001    seed=1 val=2.4836 train=2.4551 (11.44 s)
pw05       lr=0.003    seed=0 val=2.3303 train=2.2960 (11.27 s)
pw05       lr=0.003    seed=1 val=2.3388 train=2.2991 (11.65 s)
pw05       lr=0.01     seed=0 val=2.2460 train=2.2017 (11.46 s)
pw05       lr=0.01     seed=1 val=2.2600 train=2.2012 (12.19 s)
pw05       lr=0.03     seed=0 val=2.5459 train=2.5150 (12.97 s)
pw05       lr=0.03     seed=1 val=2.5299 train=2.4848 (11.94 s)
pw05       lr=0.1      seed=0 val=3.0556 train=3.0228 (11.9 s)
pw05       lr=0.1      seed=1 val=3.0010 train=2.9588 (11.53 s)
duality    lr=0.001    seed=0 val=2.7024 train=2.6777 (11.65 s)
duality    lr=0.001    seed=1 val=2.7206 train=2.6965 (11.14 s)
duality    lr=0.003    seed=0 val=2.3634 train=2.3289 (11.42 s)
duality    lr=0.003    seed=1 val=2.3522 train=2.3285 (11.31 s)
duality    lr=0.01     seed=0 val=2.1108 train=2.0274 (11.51 s)
duality    lr=0.01     seed=1 val=2.1059 train=2.0307 (11.86 s)
duality    lr=0.03     seed=0 val=2.0705 train=1.9592 (11.63 s)
duality    lr=0.03     seed=1 val=2.0520 train=1.9525 (11.36 s)
duality    lr=0.1      seed=0 val=2.3848 train=2.3457 (12.18 s)
duality    lr=0.1      seed=1 val=2.2650 train=2.2235 (11.98 s)
scion      lr=0.001    seed=0 val=2.7658 train=2.7405 (12.9 s)
scion      lr=0.001    seed=1 val=2.7924 train=2.7659 (11.27 s)
scion      lr=0.003    seed=0 val=2.3670 train=2.3347 (11.4 s)
scion      lr=0.003    seed=1 val=2.3583 train=2.3377 (11.06 s)
scion      lr=0.01     seed=0 val=2.1033 train=2.0208 (12.17 s)
scion      lr=0.01     seed=1 val=2.1132 train=2.0361 (11.17 s)
scion      lr=0.03     seed=0 val=2.0631 train=1.9541 (11.93 s)
scion      lr=0.03     seed=1 val=2.0520 train=1.9582 (10.94 s)
scion      lr=0.1      seed=0 val=2.3490 train=2.3125 (11.82 s)
scion      lr=0.1      seed=1 val=2.4089 train=2.3676 (11.44 s)
