sgd        lr=0.1      seed=0 val=2.4657 train=2.4344 (107.69 s)
sgd        lr=0.3      seed=0 val=2.4067 train=2.3743 (106.75 s)
sgd        lr=0.9      seed=0 val=2.4528 train=2.4315 (107.52 s)
adamw      lr=0.00333333 seed=0 val=2.0925 train=2.0122 (112.02 s)
adamw      lr=0.01     seed=0 val=2.0280 train=1.9322 (128.57 s)
adamw      lr=0.03     seed=0 val=2.5812 train=2.5652 (159.01 s)
lion       lr=0.00033333 seed=0 val=2.2787 train=2.2485 (110.73 s)
lion       lr=0.001    seed=0 val=2.2010 train=2.1552 (109.96 s)
lion       lr=0.003    seed=0 val=2.5405 train=2.5082 (142.75 s)
adam_mini  lr=0.00333333 seed=0 val=2.1798 train=2.1245 (110.32 s)
adam_mini  lr=0.01     seed=0 val=2.0960 train=2.0388 (149.8 s)
adam_mini  lr=0.03     seed=0 val=2.6319 train=2.6115 (148.79 s)
signum     lr=0.001    seed=0 val=2.2696 train=2.2360 (108.27 s)
signum     lr=0.003    seed=0 val=2.1121 train=2.0410 (113.23 s)
signum     lr=0.009    seed=0 val=2.1483 train=2.0808 (136.56 s)
normsgd    lr=0.001    seed=0 val=2.2850 train=2.2575 (134.64 s)
normsgd    lr=0.003    seed=0 val=2.1925 train=2.1522 (153.54 s)
normsgd    lr=0.009    seed=0 val=2.5785 train=2.5508 (177.83 s)
rownorm    lr=0.001    seed=0 val=2.2544 train=2.2099 (115.41 s)
rownorm    lr=0.003    seed=0 val=2.1029 train=2.0278 (123.39 s)
rownorm    lr=0.009    seed=0 val=2.1470 train=2.0736 (142.14 s)
muon_all   lr=0.01     seed=0 val=1.7233 train=1.5394 (155.68 s)
muon_all   lr=0.03     seed=0 val=1.7972 train=1.6099 (157.43 s)
muon_all   lr=0.09     seed=0 val=2.6085 train=2.6015 (175.41 s)
muon       lr=0.01     seed=0 val=1.6862 train=1.5204 (151.28 s)
muon       lr=0.03     seed=0 val=1.7549 train=1.5890 (156.15 s)
muon       lr=0.09     seed=0 val=2.5443 train=2.5030 (162.23 s)
normuon    lr=0.01     seed=0 val=1.6934 train=1.5160 (146.26 s)
normuon    lr=0.03     seed=0 val=1.7441 train=1.5795 (166.0 s)
normuon    lr=0.09     seed=0 val=2.5538 train=2.5223 (196.28 s)
headmuon   lr=0.01     seed=0 val=1.7189 train=1.5515 (174.33 s)
headmuon   lr=0.03     seed=0 val=1.8986 train=1.7634 (206.15 s)
headmuon   lr=0.09     seed=0 val=2.5721 train=2.5463 (167.93 s)
pw05       lr=0.00333333 seed=0 val=1.9100 train=1.7780 (262.0 s)
pw05       lr=0.01     seed=0 val=2.0078 train=1.8908 (224.64 s)
pw05       lr=0.03     seed=0 val=2.5349 train=2.5103 (228.38 s)
duality    lr=0.01     seed=0 val=1.6962 train=1.5199 (181.21 s)
duality    lr=0.03     seed=0 val=1.7362 train=1.5529 (192.17 s)
duality    lr=0.09     seed=0 val=2.5353 train=2.4864 (285.84 s)
scion      lr=0.01     seed=0 val=1.6973 train=1.5198 (229.32 s)
scion      lr=0.03     seed=0 val=1.7338 train=1.5605 (186.24 s)
scion      lr=0.09     seed=0 val=2.5473 train=2.5186 (202.46 s)
