sgd        lr=0.3      seed=1 val=2.4138 train=2.3904 (223.86 s)
sgd        lr=0.3      seed=2 val=2.4126 train=2.3811 (218.64 s)
sgd        lr=0.3      seed=3 val=2.4036 train=2.3818 (192.79 s)
adamw      lr=0.01     seed=1 val=2.0505 train=1.9637 (202.92 s)
adamw      lr=0.01     seed=2 val=2.0170 train=1.9239 (195.05 s)
adamw      lr=0.01     seed=3 val=2.0612 train=1.9766 (240.95 s)
lion       lr=0.001    seed=1 val=2.1873 train=2.1336 (185.63 s)
lion       lr=0.001    seed=2 val=2.2109 train=2.1782 (172.13 s)
lion       lr=0.001    seed=3 val=2.1831 train=2.1367 (185.18 s)
adam_mini  lr=0.01     seed=1 val=2.5138 train=2.5012 (227.99 s)
adam_mini  lr=0.01     seed=2 val=2.1582 train=2.1089 (202.55 s)
adam_mini  lr=0.01     seed=3 val=2.0832 train=2.0207 (204.75 s)
signum     lr=0.003    seed=1 val=2.1412 train=2.0854 (182.3 s)
signum     lr=0.003    seed=2 val=2.1304 train=2.0713 (160.25 s)
signum     lr=0.003    seed=3 val=2.1132 train=2.0542 (156.96 s)
normsgd    lr=0.003    seed=1 val=2.4916 train=2.4862 (138.23 s)
normsgd    lr=0.003    seed=2 val=2.5977 train=2.5864 (141.83 s)
normsgd    lr=0.003    seed=3 val=2.4739 train=2.4716 (122.12 s)
rownorm    lr=0.003    seed=1 val=2.1300 train=2.0626 (119.09 s)
rownorm    lr=0.003    seed=2 val=2.1150 train=2.0395 (108.93 s)
rownorm    lr=0.003    seed=3 val=2.1355 train=2.0668 (128.89 s)
muon_all   lr=0.01     seed=1 val=1.7113 train=1.5467 (189.41 s)
muon_all   lr=0.01     seed=2 val=1.7170 train=1.5424 (163.61 s)
muon_all   lr=0.01     seed=3 val=1.7196 train=1.5519 (138.28 s)
muon       lr=0.01     seed=1 val=1.6887 train=1.5144 (153.18 s)
muon       lr=0.01     seed=2 val=1.6951 train=1.5216 (137.1 s)
muon       lr=0.01     seed=3 val=1.6945 train=1.5266 (137.34 s)
normuon    lr=0.01     seed=1 val=1.6947 train=1.5074 (137.91 s)
normuon    lr=0.01     seed=2 val=1.6850 train=1.5119 (138.33 s)
normuon    lr=0.01     seed=3 val=1.6892 train=1.5202 (138.3 s)
headmuon   lr=0.01     seed=1 val=1.7294 train=1.5485 (138.32 s)
headmuon   lr=0.01     seed=2 val=1.7251 train=1.5570 (145.2 s)
headmuon   lr=0.01     seed=3 val=1.7195 train=1.5577 (137.02 s)
pw05       lr=0.00333333 seed=1 val=1.9387 train=1.8205 (158.6 s)
pw05       lr=0.00333333 seed=2 val=1.9216 train=1.8006 (156.89 s)
pw05       lr=0.00333333 seed=3 val=1.9207 train=1.7867 (158.0 s)
duality    lr=0.01     seed=1 val=1.7020 train=1.5187 (141.8 s)
duality    lr=0.01     seed=2 val=1.6866 train=1.5230 (140.55 s)
duality    lr=0.01     seed=3 val=1.6929 train=1.5297 (138.87 s)
scion      lr=0.01     seed=1 val=1.6944 train=1.5209 (139.2 s)
scion      lr=0.01     seed=2 val=1.7040 train=1.5184 (146.94 s)
scion      lr=0.01     seed=3 val=1.7015 train=1.5307 (140.54 s)
